..F.FF
======================================================================
FAIL: test_03_student_login_fail (__main__.TestComplaintSystem.test_03_student_login_fail)
Student login should fail with wrong credentials.
----------------------------------------------------------------------
Traceback (most recent call last):
  File "/home/kali/Documents/Ansal IIT/DigitalComplaintSystem/test_app.py", line 40, in test_03_student_login_fail
    self.assertIn(b'Invalid email or password', res.data)
    ~~~~~~~~~~~~~^^^^^^^^^^^^^^^^^^^^^^^^^^^^^^^^^^^^^^^^
AssertionError: b'Invalid email or password' not found in b'<!DOCTYPE html>\n<html lang="en">\n<head>\n    <meta charset="UTF-8">\n    <meta name="viewport" content="width=device-width, initial-scale=1.0">\n    <meta name="description" content="Digital Complaint Management System for college students to submit and track academic, hostel, and facility complaints.">\n    <title>Student Dashboard - ShaktiCMS</title>\n    <!-- FontAwesome icons -->\n    <link rel="stylesheet" href="https://cdnjs.cloudflare.com/ajax/libs/font-awesome/6.4.0/css/all.min.css">\n    <!-- Custom Stylesheet -->\n    <link rel="stylesheet" href="/static/css/style.css">\n    \n</head>\n<body>\n    <div class="app-container">\n        \n        <!-- Collapsible Sidebar -->\n        <aside class="sidebar" id="sidebar">\n            <div class="sidebar-header">\n                <div class="sidebar-brand">\n                    <i class="fa-solid fa-graduation-cap"></i>\n                    <span>Shakti</span>CMS\n                </div>\n                <button class="close-sidebar-btn" id="closeSidebar" aria-label="Close Sidebar">\n                    <i class="fa-solid fa-xmark"></i>\n                </button>\n            </div>\n            \n            <ul class="sidebar-menu">\n                \n                    <!-- Student Menu Links -->\n                    <li class="sidebar-item active">\n                        <a href="/student/dashboard" class="sidebar-link">\n                            <i class="fa-solid fa-gauge"></i> Dashboard\n                        </a>\n                    </li>\n                    <li class="sidebar-item ">\n                        <a href="/student/submit" class="sidebar-link">\n                            <i class="fa-solid fa-circle-plus"></i> Submit Complaint\n                        </a>\n                    </li>\n                    <li class="sidebar-item ">\n                        <a href="/student/history" class="sidebar-link">\n                            <i class="fa-solid fa-clock-rotate-left"></i> Complaint History\n                        </a>\n                    </li>\n                    <li class="sidebar-item ">\n                        <a href="/student/notifications" class="sidebar-link">\n                            <i class="fa-solid fa-bell"></i> Notifications\n                        </a>\n                    </li>\n                    <li class="sidebar-item ">\n                        <a href="/student/profile" class="sidebar-link">\n                            <i class="fa-solid fa-user-gear"></i> Update Profile\n                        </a>\n                    </li>\n                    \n                \n            </ul>\n            \n            <div class="sidebar-footer">\n                <a href="/logout" class="logout-link">\n                    <i class="fa-solid fa-right-from-bracket"></i> Logout\n                </a>\n            </div>\n        </aside>\n        \n        <!-- Main Content Area -->\n        <main class="main-content">\n            \n            <!-- Top Navbar -->\n            <nav class="top-navbar">\n                <div class="navbar-left">\n                    <button class="menu-toggle-btn" id="menuToggle" aria-label="Toggle Menu">\n                        <i class="fa-solid fa-bars"></i>\n                    </button>\n                    <h1 class="page-title">Student Dashboard</h1>\n                </div>\n                \n                <div class="navbar-right">\n                    \n                        <!-- Notification indicator link -->\n                        <a href="/student/notifications" class="notif-badge-container" title="View Notifications" id="nav_notif_link">\n                            <i class="fa-solid fa-bell fa-lg"></i>\n                            <!-- Dynamic notification badge placeholder -->\n                            <span class="notif-badge" id="nav_notif_badge" style="display: none;">0</span>\n                        </a>\n                    \n                    \n                    <div class="user-profile-widget">\n                        <div class="user-avatar">\n                            A\n                        </div>\n                        <div class="user-info-text">\n                            <span class="user-name">Amit Sharma</span>\n                            <span class="user-role">student</span>\n                        </div>\n                    </div>\n                </div>\n            </nav>\n            \n            <!-- Content Wrapper -->\n            <div class="content-body">\n                \n                <!-- Flashed Alert Notification Messages -->\n                \n                    \n                \n                \n                <!-- Main block injection -->\n                \n<!-- Welcome Header Banner -->\n<div class="content-card" style="background: linear-gradient(135deg, var(--primary-color) 0%, var(--secondary-color) 100%); color: var(--white); margin-bottom: 25px;">\n    <h2 style="font-size: 1.5rem; font-weight: 700; margin-bottom: 5px;">Welcome, Amit Sharma!</h2>\n    <p style="opacity: 0.85; font-size: 0.95rem;">Submit and track your academic or facilities-related complaints instantly. Our administration team reviews tickets regularly.</p>\n</div>\n\n<!-- Dashboard Grid Count Summary -->\n<div class="dashboard-grid">\n    <!-- Total Card -->\n    <div class="stat-card total">\n        <span class="stat-title"><i class="fa-solid fa-list-check" style="margin-right: 5px;"></i> Total Filed</span>\n        <span class="stat-value">2</span>\n    </div>\n    <!-- Pending Card -->\n    <div class="stat-card pending">\n        <span class="stat-title"><i class="fa-solid fa-hourglass-start" style="margin-right: 5px;"></i> Pending</span>\n        <span class="stat-value">1</span>\n    </div>\n    <!-- Under Review Card -->\n    <div class="stat-card review">\n        <span class="stat-title"><i class="fa-solid fa-magnifying-glass" style="margin-right: 5px;"></i> Under Review</span>\n        <span class="stat-value">0</span>\n    </div>\n    <!-- In Progress Card -->\n    <div class="stat-card progress">\n        <span class="stat-title"><i class="fa-solid fa-spinner" style="margin-right: 5px;"></i> In Progress</span>\n        <span class="stat-value">1</span>\n    </div>\n    <!-- Resolved Card -->\n    <div class="stat-card resolved">\n        <span class="stat-title"><i class="fa-solid fa-circle-check" style="margin-right: 5px;"></i> Resolved</span>\n        <span class="stat-value">0</span>\n    </div>\n</div>\n\n<!-- Quick Access Action Buttons -->\n<div class="quick-actions-bar">\n    <a href="/student/submit" class="btn-action btn-primary-action">\n        <i class="fa-solid fa-circle-plus"></i> Submit a New Complaint\n    </a>\n    <a href="/student/history" class="btn-action">\n        <i class="fa-solid fa-clock-rotate-left"></i> View History\n    </a>\n    <a href="/student/notifications" class="btn-action">\n        <i class="fa-solid fa-bell"></i> Notifications \n        \n            <span style="background-color: var(--color-rejected); color: white; padding: 2px 8px; border-radius: 20px; font-size: 0.75rem;">1 New</span>\n        \n    </a>\n    <a href="/student/profile" class="btn-action">\n        <i class="fa-solid fa-user-gear"></i> Update Profile\n    </a>\n</div>\n\n<!-- Recent Complaints Section -->\n<div class="content-card">\n    <div class="card-header-flex">\n        <h3 class="card-title"><i class="fa-solid fa-clock" style="color: var(--secondary-color); margin-right: 8px;"></i> Recent Complaints</h3>\n        <a href="/student/history" style="color: var(--secondary-color); text-decoration: none; font-size: 0.85rem; font-weight: 600;">\n            View All Complaints <i class="fa-solid fa-arrow-right"></i>\n        </a>\n    </div>\n    \n    \n        <div class="table-container">\n            <table class="custom-table">\n                <thead>\n                    <tr>\n                        <th>Complaint ID</th>\n                        <th>Title</th>\n                        <th>Category</th>\n                        <th>Date Submitted</th>\n                        <th>Status</th>\n                        <th>Action</th>\n                    </tr>\n                </thead>\n                <tbody>\n                    \n                        <tr>\n                            <td><strong>#3</strong></td>\n                            <td>Damaged Book Pages in Library Reference Section</td>\n                            <td>Library</td>\n                            <td>2026-06-29 11:15:46</td>\n                            <td>\n                                <span class="badge in-progress">\n                                    In Progress\n                                </span>\n                            </td>\n                            <td>\n                                <a href="/student/complaints/3" class="table-btn">\n                                    <i class="fa-solid fa-eye"></i> View Details\n                                </a>\n                            </td>\n                        </tr>\n                    \n                        <tr>\n                            <td><strong>#1</strong></td>\n                            <td>Lab PC Keyboard &amp; Mouse Broken</td>\n                            <td>Academic</td>\n                            <td>2026-06-26 11:15:46</td>\n                            <td>\n                                <span class="badge pending">\n                                    Pending\n                                </span>\n                            </td>\n                            <td>\n                                <a href="/student/complaints/1" class="table-btn">\n                                    <i class="fa-solid fa-eye"></i> View Details\n                                </a>\n                            </td>\n                        </tr>\n                    \n                </tbody>\n            </table>\n        </div>\n    \n</div>\n\n                \n            </div>\n        </main>\n    </div>\n    \n    <!-- Main JS functions -->\n    <script src="/static/js/main.js"></script>\n    \n    \n        <script>\n            // Query database-side notifications to populate top icon count\n            // Since this is a simple template injection, we fetch via backend routing or inline injection.\n            // For simplicity and to avoid unnecessary fetches, we insert this block to query counts.\n            document.addEventListener(\'DOMContentLoaded\', function() {\n                const notifBadge = document.getElementById(\'nav_notif_badge\');\n                if (notifBadge) {\n                    // Injecting from python session/db directly via simple template execution\n                    const unreadCount = parseInt("1") || 0;\n                    if (unreadCount > 0) {\n                        notifBadge.textContent = unreadCount;\n                        notifBadge.style.display = \'flex\';\n                    }\n                }\n            });\n        </script>\n    \n    \n    \n</body>\n</html>'

======================================================================
FAIL: test_05_admin_login_success (__main__.TestComplaintSystem.test_05_admin_login_success)
Administrator should be able to log in with pre-seeded credentials.
----------------------------------------------------------------------
Traceback (most recent call last):
  File "/home/kali/Documents/Ansal IIT/DigitalComplaintSystem/test_app.py", line 79, in test_05_admin_login_success
    self.assertIn(b'Administrator Dashboard', res.data)
    ~~~~~~~~~~~~~^^^^^^^^^^^^^^^^^^^^^^^^^^^^^^^^^^^^^^
AssertionError: b'Administrator Dashboard' not found in b'<!DOCTYPE html>\n<html lang="en">\n<head>\n    <meta charset="UTF-8">\n    <meta name="viewport" content="width=device-width, initial-scale=1.0">\n    <meta name="description" content="Digital Complaint Management System for college students to submit and track academic, hostel, and facility complaints.">\n    <title>Student Dashboard - ShaktiCMS</title>\n    <!-- FontAwesome icons -->\n    <link rel="stylesheet" href="https://cdnjs.cloudflare.com/ajax/libs/font-awesome/6.4.0/css/all.min.css">\n    <!-- Custom Stylesheet -->\n    <link rel="stylesheet" href="/static/css/style.css">\n    \n</head>\n<body>\n    <div class="app-container">\n        \n        <!-- Collapsible Sidebar -->\n        <aside class="sidebar" id="sidebar">\n            <div class="sidebar-header">\n                <div class="sidebar-brand">\n                    <i class="fa-solid fa-graduation-cap"></i>\n                    <span>Shakti</span>CMS\n                </div>\n                <button class="close-sidebar-btn" id="closeSidebar" aria-label="Close Sidebar">\n                    <i class="fa-solid fa-xmark"></i>\n                </button>\n            </div>\n            \n            <ul class="sidebar-menu">\n                \n                    <!-- Student Menu Links -->\n                    <li class="sidebar-item active">\n                        <a href="/student/dashboard" class="sidebar-link">\n                            <i class="fa-solid fa-gauge"></i> Dashboard\n                        </a>\n                    </li>\n                    <li class="sidebar-item ">\n                        <a href="/student/submit" class="sidebar-link">\n                            <i class="fa-solid fa-circle-plus"></i> Submit Complaint\n                        </a>\n                    </li>\n                    <li class="sidebar-item ">\n                        <a href="/student/history" class="sidebar-link">\n                            <i class="fa-solid fa-clock-rotate-left"></i> Complaint History\n                        </a>\n                    </li>\n                    <li class="sidebar-item ">\n                        <a href="/student/notifications" class="sidebar-link">\n                            <i class="fa-solid fa-bell"></i> Notifications\n                        </a>\n                    </li>\n                    <li class="sidebar-item ">\n                        <a href="/student/profile" class="sidebar-link">\n                            <i class="fa-solid fa-user-gear"></i> Update Profile\n                        </a>\n                    </li>\n                    \n                \n            </ul>\n            \n            <div class="sidebar-footer">\n                <a href="/logout" class="logout-link">\n                    <i class="fa-solid fa-right-from-bracket"></i> Logout\n                </a>\n            </div>\n        </aside>\n        \n        <!-- Main Content Area -->\n        <main class="main-content">\n            \n            <!-- Top Navbar -->\n            <nav class="top-navbar">\n                <div class="navbar-left">\n                    <button class="menu-toggle-btn" id="menuToggle" aria-label="Toggle Menu">\n                        <i class="fa-solid fa-bars"></i>\n                    </button>\n                    <h1 class="page-title">Student Dashboard</h1>\n                </div>\n                \n                <div class="navbar-right">\n                    \n                        <!-- Notification indicator link -->\n                        <a href="/student/notifications" class="notif-badge-container" title="View Notifications" id="nav_notif_link">\n                            <i class="fa-solid fa-bell fa-lg"></i>\n                            <!-- Dynamic notification badge placeholder -->\n                            <span class="notif-badge" id="nav_notif_badge" style="display: none;">0</span>\n                        </a>\n                    \n                    \n                    <div class="user-profile-widget">\n                        <div class="user-avatar">\n                            A\n                        </div>\n                        <div class="user-info-text">\n                            <span class="user-name">Amit Sharma</span>\n                            <span class="user-role">student</span>\n                        </div>\n                    </div>\n                </div>\n            </nav>\n            \n            <!-- Content Wrapper -->\n            <div class="content-body">\n                \n                <!-- Flashed Alert Notification Messages -->\n                \n                    \n                \n                \n                <!-- Main block injection -->\n                \n<!-- Welcome Header Banner -->\n<div class="content-card" style="background: linear-gradient(135deg, var(--primary-color) 0%, var(--secondary-color) 100%); color: var(--white); margin-bottom: 25px;">\n    <h2 style="font-size: 1.5rem; font-weight: 700; margin-bottom: 5px;">Welcome, Amit Sharma!</h2>\n    <p style="opacity: 0.85; font-size: 0.95rem;">Submit and track your academic or facilities-related complaints instantly. Our administration team reviews tickets regularly.</p>\n</div>\n\n<!-- Dashboard Grid Count Summary -->\n<div class="dashboard-grid">\n    <!-- Total Card -->\n    <div class="stat-card total">\n        <span class="stat-title"><i class="fa-solid fa-list-check" style="margin-right: 5px;"></i> Total Filed</span>\n        <span class="stat-value">3</span>\n    </div>\n    <!-- Pending Card -->\n    <div class="stat-card pending">\n        <span class="stat-title"><i class="fa-solid fa-hourglass-start" style="margin-right: 5px;"></i> Pending</span>\n        <span class="stat-value">2</span>\n    </div>\n    <!-- Under Review Card -->\n    <div class="stat-card review">\n        <span class="stat-title"><i class="fa-solid fa-magnifying-glass" style="margin-right: 5px;"></i> Under Review</span>\n        <span class="stat-value">0</span>\n    </div>\n    <!-- In Progress Card -->\n    <div class="stat-card progress">\n        <span class="stat-title"><i class="fa-solid fa-spinner" style="margin-right: 5px;"></i> In Progress</span>\n        <span class="stat-value">1</span>\n    </div>\n    <!-- Resolved Card -->\n    <div class="stat-card resolved">\n        <span class="stat-title"><i class="fa-solid fa-circle-check" style="margin-right: 5px;"></i> Resolved</span>\n        <span class="stat-value">0</span>\n    </div>\n</div>\n\n<!-- Quick Access Action Buttons -->\n<div class="quick-actions-bar">\n    <a href="/student/submit" class="btn-action btn-primary-action">\n        <i class="fa-solid fa-circle-plus"></i> Submit a New Complaint\n    </a>\n    <a href="/student/history" class="btn-action">\n        <i class="fa-solid fa-clock-rotate-left"></i> View History\n    </a>\n    <a href="/student/notifications" class="btn-action">\n        <i class="fa-solid fa-bell"></i> Notifications \n        \n            <span style="background-color: var(--color-rejected); color: white; padding: 2px 8px; border-radius: 20px; font-size: 0.75rem;">2 New</span>\n        \n    </a>\n    <a href="/student/profile" class="btn-action">\n        <i class="fa-solid fa-user-gear"></i> Update Profile\n    </a>\n</div>\n\n<!-- Recent Complaints Section -->\n<div class="content-card">\n    <div class="card-header-flex">\n        <h3 class="card-title"><i class="fa-solid fa-clock" style="color: var(--secondary-color); margin-right: 8px;"></i> Recent Complaints</h3>\n        <a href="/student/history" style="color: var(--secondary-color); text-decoration: none; font-size: 0.85rem; font-weight: 600;">\n            View All Complaints <i class="fa-solid fa-arrow-right"></i>\n        </a>\n    </div>\n    \n    \n        <div class="table-container">\n            <table class="custom-table">\n                <thead>\n                    <tr>\n                        <th>Complaint ID</th>\n                        <th>Title</th>\n                        <th>Category</th>\n                        <th>Date Submitted</th>\n                        <th>Status</th>\n                        <th>Action</th>\n                    </tr>\n                </thead>\n                <tbody>\n                    \n                        <tr>\n                            <td><strong>#6</strong></td>\n                            <td>Test Cooler Breakdown</td>\n                            <td>Facilities</td>\n                            <td>2026-07-01 11:15:46</td>\n                            <td>\n                                <span class="badge pending">\n                                    Pending\n                                </span>\n                            </td>\n                            <td>\n                                <a href="/student/complaints/6" class="table-btn">\n                                    <i class="fa-solid fa-eye"></i> View Details\n                                </a>\n                            </td>\n                        </tr>\n                    \n                        <tr>\n                            <td><strong>#3</strong></td>\n                            <td>Damaged Book Pages in Library Reference Section</td>\n                            <td>Library</td>\n                            <td>2026-06-29 11:15:46</td>\n                            <td>\n                                <span class="badge in-progress">\n                                    In Progress\n                                </span>\n                            </td>\n                            <td>\n                                <a href="/student/complaints/3" class="table-btn">\n                                    <i class="fa-solid fa-eye"></i> View Details\n                                </a>\n                            </td>\n                        </tr>\n                    \n                        <tr>\n                            <td><strong>#1</strong></td>\n                            <td>Lab PC Keyboard &amp; Mouse Broken</td>\n                            <td>Academic</td>\n                            <td>2026-06-26 11:15:46</td>\n                            <td>\n                                <span class="badge pending">\n                                    Pending\n                                </span>\n                            </td>\n                            <td>\n                                <a href="/student/complaints/1" class="table-btn">\n                                    <i class="fa-solid fa-eye"></i> View Details\n                                </a>\n                            </td>\n                        </tr>\n                    \n                </tbody>\n            </table>\n        </div>\n    \n</div>\n\n                \n            </div>\n        </main>\n    </div>\n    \n    <!-- Main JS functions -->\n    <script src="/static/js/main.js"></script>\n    \n    \n        <script>\n            // Query database-side notifications to populate top icon count\n            // Since this is a simple template injection, we fetch via backend routing or inline injection.\n            // For simplicity and to avoid unnecessary fetches, we insert this block to query counts.\n            document.addEventListener(\'DOMContentLoaded\', function() {\n                const notifBadge = document.getElementById(\'nav_notif_badge\');\n                if (notifBadge) {\n                    // Injecting from python session/db directly via simple template execution\n                    const unreadCount = parseInt("2") || 0;\n                    if (unreadCount > 0) {\n                        notifBadge.textContent = unreadCount;\n                        notifBadge.style.display = \'flex\';\n                    }\n                }\n            });\n        </script>\n    \n    \n    \n</body>\n</html>'

======================================================================
FAIL: test_06_admin_update_status (__main__.TestComplaintSystem.test_06_admin_update_status)
Administrator should be able to assign, comment, and change ticket status.
----------------------------------------------------------------------
Traceback (most recent call last):
  File "/home/kali/Documents/Ansal IIT/DigitalComplaintSystem/test_app.py", line 108, in test_06_admin_update_status
    self.assertEqual(history['NewStatus'], 'Under Review')
    ~~~~~~~~~~~~~~~~^^^^^^^^^^^^^^^^^^^^^^^^^^^^^^^^^^^^^^
AssertionError: 'Pending' != 'Under Review'
- Pending
+ Under Review


----------------------------------------------------------------------
Ran 6 tests in 0.523s

FAILED (failures=3)
